shadow round 2: 2026-09-21T18:00:00.000Z → 2026-09-21T19:00:00.000Z → /Users/cva/Documents/Switch HQ/switch-dapp/shadow-rounds
blocks 68995456 → 69031381 · ETH/USD $2763.34 · 131 active pools · 35 instruments
transfers 6555 · building input…
19:57:26 AAPL: feed 330 ms, market 2574 ms, 8 rpc calls · updates 0, vol $12,534 depth $10,674
19:57:28 AMD: feed 1129 ms, market 877 ms, 5 rpc calls · updates 0, vol $919 depth $6,626
19:57:29 AMZN: feed 393 ms, market 1129 ms, 5 rpc calls · updates 0, vol $936 depth $1,409
19:57:30 ASML: feed 595 ms, market 0 ms, 2 rpc calls · updates 0, none
19:57:31 BABA: feed 316 ms, market 558 ms, 3 rpc calls · updates 0, vol $538 depth $802
19:57:35 CLSK: feed 3546 ms, market 0 ms, 11 rpc calls · updates 4, none
19:57:37 COIN: feed 802 ms, market 1280 ms, 8 rpc calls · updates 1, vol $5,898 depth $9,323
19:57:41 CRCL: feed 1030 ms, market 2913 ms, 14 rpc calls · updates 1, vol $21,726 depth $4,038
19:57:44 CRWV: feed 1748 ms, market 1179 ms, 10 rpc calls · updates 2, vol $105 depth $854
19:57:46 DELL: feed 1003 ms, market 979 ms, 5 rpc calls · updates 1, vol $3,935 depth $4,046
19:57:47 EWY: feed 826 ms, market 0 ms, 2 rpc calls · updates 0, none
19:57:50 GME: feed 1016 ms, market 1838 ms, 7 rpc calls · updates 0, vol $229 depth $877
19:57:53 GOOGL: feed 1020 ms, market 1945 ms, 9 rpc calls · updates 1, vol $4,815 depth $965
19:57:56 INTC: feed 656 ms, market 1376 ms, 7 rpc calls · updates 0, vol $1,468 depth $4,978
19:57:58 IONQ: feed 1736 ms, market 0 ms, 6 rpc calls · updates 3, none
19:58:06 META: feed 2323 ms, market 6061 ms, 17 rpc calls · updates 1, vol $1,622,242 depth $128,087
19:58:08 MSFT: feed 575 ms, market 1434 ms, 7 rpc calls · updates 0, vol $2,936 depth $18,001
19:58:14 MSTR: feed 1429 ms, market 3853 ms, 16 rpc calls · updates 2, vol $60,163 depth $16,458
19:58:17 MU: feed 865 ms, market 1872 ms, 8 rpc calls · updates 1, vol $24,040 depth $56,435
19:58:19 NBIS: feed 2032 ms, market 623 ms, 9 rpc calls · updates 2, vol $707 depth $849
19:58:26 NVDA: feed 950 ms, market 5696 ms, 20 rpc calls · updates 1, vol $44,917 depth $21,854
19:58:27 ORCL: feed 393 ms, market 486 ms, 3 rpc calls · updates 0, vol $28 depth $410
19:58:29 PLTR: feed 651 ms, market 893 ms, 5 rpc calls · updates 0, vol $3,997 depth $24,650
19:58:31 QQQ: feed 610 ms, market 874 ms, 5 rpc calls · updates 0, vol $58 depth $101
19:58:32 RGTI: feed 1230 ms, market 0 ms, 2 rpc calls · updates 1, none
19:58:35 RKLB: feed 2283 ms, market 578 ms, 9 rpc calls · updates 1, vol $0 depth $161
19:58:36 SGOV: feed 424 ms, market 873 ms, 4 rpc calls · updates 0, vol $942 depth $51,915
19:58:37 SLV: feed 399 ms, market 0 ms, 1 rpc calls · updates 0, none
19:58:42 SNDK: feed 2646 ms, market 1829 ms, 14 rpc calls · updates 2, vol $961 depth $157
19:58:48 SPCX: feed 1647 ms, market 4768 ms, 17 rpc calls · updates 3, vol $181,787 depth $18,743
19:58:54 SPY: feed 455 ms, market 4788 ms, 11 rpc calls · updates 0, vol $481,592 depth $1,151,586
19:58:57 TSLA: feed 917 ms, market 2676 ms, 12 rpc calls · updates 1, vol $54,825 depth $105,682
19:58:59 TSM: feed 628 ms, market 641 ms, 4 rpc calls · updates 0, vol $2,929 depth $8,774
19:59:01 USAR: feed 2028 ms, market 0 ms, 6 rpc calls · updates 2, none
19:59:03 USO: feed 331 ms, market 1176 ms, 5 rpc calls · updates 0, vol $12,470 depth $5,922

round 2 done in 136s
budget $3.54 · eligible 6 · excluded 22 (AAPL:low-volume, AMD:low-volume, AMZN:low-volume, BABA:low-volume, COIN:low-volume, CRCL:low-volume, CRWV:low-volume, DELL:low-volume, GME:low-volume, GOOGL:low-volume, INTC:low-volume, MSFT:low-volume, MU:low-volume, NBIS:low-volume, ORCL:low-volume, PLTR:low-volume, QQQ:low-volume, RKLB:low-volume, SGOV:low-volume, SNDK:low-volume, TSM:low-volume, USO:low-volume)
  MSTR  S   0.465  m   +0.58%  p 79.1%  vol      $60,163  σ +0.035%
  TSLA  S   0.423  m   +0.23%  p 96.1%  vol      $54,825  σ +0.012%
  SPY   S   0.225  m   +0.10%  p 76.9%  vol     $481,592  σ +0.009%
  NVDA  S   0.167  m   +0.33%  p 74.2%  vol      $44,917  σ +0.016%
  META  S   0.133  m   +0.39%  p 52.3%  vol       $1.62M  σ +0.045%
  SPCX  S  -1.415  m   −0.39%  p 31.0%  vol     $181,787  σ +0.055%
WINNER MSTR: 0.0210 units at $168.29 → 152 holders · root 0xdad7a7e53b7fecb5…
score table hash 0xde49264838a8d2a5… · batch #1
exit 0
